// Jest Snapshot v1, https://goo.gl/fbAQLP

exports[`it works 1`] = `
<button
  class="css-3abmye-Button"
/>
`;
